
multiplataforma:
window
  consola	
apple
  osx
linux

Usos:
videojuegos
seguros
bancos

C# nacio en 2002 - 2017

v1.0 - v7.0


herramientas
bloc notas
visual studio code
comunity
profesional/enterprise

editores textos
sharp develop
mon develop
sublime


como funciona:

the CLR

- base class libraries
- JIT & NGEN
- garbage collec
- security model
- exception handling
- loader y binder
- profiling & debugging APIs



GIT:


Git -plataforma
GIT hub - repositorio


------config:

- dir ubicacion
- identificar carpeta de proyecto
- cd capCSharp
- git init: 
- git status : ve estado de cambios
- git add-A  agregar los archivos q han tenido cambios
- git commit -m "primer commit"
git config --global user.name "jegutierreza"


- git push origin master

-----------------------------------------

GMD@ECAPAP1LIM24470 MINGW64 ~
$ cd

GMD@ECAPAP1LIM24470 MINGW64 ~
$ cd capCSharp
bash: cd: capCSharp: No such file or directory

GMD@ECAPAP1LIM24470 MINGW64 ~
$ cd D:

GMD@ECAPAP1LIM24470 MINGW64 /d
$ dir
$RECYCLE.BIN              JEB
ANYCONNECT                jhon
app-debug.apk             JobHistory.java
ARCHIVOS                  JobHistoryId.java
capCSharp                 Jobs.java
clase                     LABM1C1-01JAXB
CLASE\ 16-11-2015         LABM1C3-01BasicWS
Clase\ BI                 Locations.java
CLASE\ JAVA\ 04           MV_AutomatizacionGMD
Clase\ Web\ Services2016  nay
Countries.java            Oracle\ BPM\ Suite
Departments.java          PROYECTO
DEVOPS_Ultimo             Regions.java
drm                       RUP
EmpDetailsView.java       RUP_JYC
EmpDetailsViewId.java     scheler
Employees.java            SharePoint
entity.rar                SQL\ Server\ Standar\ 2012\ English
EXA02-P2P                 SQL_LOG
EXA02-TopicRevista        System\ Volume\ Information
extension\ chorme.jpg     Team\ viewer
GMD                       Thumbs.db
hibernate.cfg.xml         UML
IBM                       Visual\ Studio\ 2015
Imagen                    vm
INSTALADORES              VM\ y\ labs

GMD@ECAPAP1LIM24470 MINGW64 /d
$ cd capCSharp

GMD@ECAPAP1LIM24470 MINGW64 /d/capCSharp
$ dir
App1Con

GMD@ECAPAP1LIM24470 MINGW64 /d/capCSharp
$ git init
Initialized empty Git repository in D:/capCSharp/.git/

GMD@ECAPAP1LIM24470 MINGW64 /d/capCSharp (master)
$ git status
On branch master

Initial commit

Untracked files:
  (use "git add <file>..." to include in what will be committed)

        App1Con/

nothing added to commit but untracked files present (use "git add" to track)

GMD@ECAPAP1LIM24470 MINGW64 /d/capCSharp (master)
$ git status
On branch master

Initial commit

Untracked files:
  (use "git add <file>..." to include in what will be committed)

        App1Con/

nothing added to commit but untracked files present (use "git add" to track)

GMD@ECAPAP1LIM24470 MINGW64 /d/capCSharp (master)
$ git add -A

GMD@ECAPAP1LIM24470 MINGW64 /d/capCSharp (master)
$ git commit -m "Primer COMITEO"

*** Please tell me who you are.

Run

  git config --global user.email "you@example.com"
  git config --global user.name "Your Name"

to set your account's default identity.
Omit --global to set the identity only in this repository.

fatal: empty ident name (for <(NULL)>) not allowed

GMD@ECAPAP1LIM24470 MINGW64 /d/capCSharp (master)
$ GW64 /d/capCSharp (master)
bash: syntax error near unexpected token `('

GMD@ECAPAP1LIM24470 MINGW64 /d/capCSharp (master)
$ $
bash: $: command not found

GMD@ECAPAP1LIM24470 MINGW64 /d/capCSharp (master)
$ ^C

GMD@ECAPAP1LIM24470 MINGW64 /d/capCSharp (master)
$ git config --global user.email "gutxz27@gmail.com"

GMD@ECAPAP1LIM24470 MINGW64 /d/capCSharp (master)
$ git config --global user.name "jegutierreza"

GMD@ECAPAP1LIM24470 MINGW64 /d/capCSharp (master)
$ git commit -m "Primer COMITEO"
[master (root-commit) 66b22c2] Primer COMITEO
 15 files changed, 163 insertions(+)
 create mode 100644 App1Con/.vs/App1Con/v14/.suo
 create mode 100644 App1Con/App1Con.sln
 create mode 100644 App1Con/App1Con/App.config
 create mode 100644 App1Con/App1Con/App1Con.csproj
 create mode 100644 App1Con/App1Con/Program.cs
 create mode 100644 App1Con/App1Con/Properties/AssemblyInfo.cs
 create mode 100644 App1Con/App1Con/bin/Debug/App1Con.exe.config
 create mode 100644 App1Con/App1Con/bin/Debug/App1Con.vshost.exe
 create mode 100644 App1Con/App1Con/bin/Debug/App1Con.vshost.exe.config
 create mode 100644 App1Con/App1Con/bin/Debug/App1Con.vshost.exe.manifest
 create mode 100644 App1Con/App1Con/obj/Debug/App1Con.csproj.FileListAbsolute.txt
 create mode 100644 App1Con/App1Con/obj/Debug/DesignTimeResolveAssemblyReferencesInput.cache
 create mode 100644 App1Con/App1Con/obj/Debug/TemporaryGeneratedFile_036C0B5B-1481-4323-8D20-8F5ADCB23D92.cs
 create mode 100644 App1Con/App1Con/obj/Debug/TemporaryGeneratedFile_5937a670-0e60-4077-877b-f7221da3dda1.cs
 create mode 100644 App1Con/App1Con/obj/Debug/TemporaryGeneratedFile_E7A71F73-0F8D-4B9B-B56E-8E70B10BC5D3.cs

GMD@ECAPAP1LIM24470 MINGW64 /d/capCSharp (master)
$ git remote add origin https://github.com/jegutierreza/capGMDSharp2106.git

GMD@ECAPAP1LIM24470 MINGW64 /d/capCSharp (master)
$ git push origin master
remote: Permission to jegutierreza/capGMDSharp2106.git denied to jamg000.
fatal: unable to access 'https://github.com/jegutierreza/capGMDSharp2106.git/': The requested URL returned error: 403

GMD@ECAPAP1LIM24470 MINGW64 /d/capCSharp (master)
$ git remote add origin https://github.com/jegutierreza/capGMDSharp2106.git
fatal: remote origin already exists.

GMD@ECAPAP1LIM24470 MINGW64 /d/capCSharp (master)
$ git push origin master
remote: Permission to jegutierreza/capGMDSharp2106.git denied to jamg000.
fatal: unable to access 'https://github.com/jegutierreza/capGMDSharp2106.git/': The requested URL returned error: 403

GMD@ECAPAP1LIM24470 MINGW64 /d/capCSharp (master)
$ git push -u origin master
remote: Permission to jegutierreza/capGMDSharp2106.git denied to jamg000.
fatal: unable to access 'https://github.com/jegutierreza/capGMDSharp2106.git/': The requested URL returned error: 403

GMD@ECAPAP1LIM24470 MINGW64 /d/capCSharp (master)
$ git push -u origin master
remote: Permission to jegutierreza/capGMDSharp2106.git denied to jamg000.
fatal: unable to access 'https://github.com/jegutierreza/capGMDSharp2106.git/': The requested URL returned error: 403

GMD@ECAPAP1LIM24470 MINGW64 /d/capCSharp (master)
$ git push -u origin master
remote: Permission to jegutierreza/capGMDSharp2106.git denied to jamg000.
fatal: unable to access 'https://github.com/jegutierreza/capGMDSharp2106.git/': The requested URL returned error: 403

GMD@ECAPAP1LIM24470 MINGW64 /d/capCSharp (master)
$ ^C

GMD@ECAPAP1LIM24470 MINGW64 /d/capCSharp (master)
$ ^C

GMD@ECAPAP1LIM24470 MINGW64 /d/capCSharp (master)
$ git config --global user.email "gutxz27@gmail.com"

GMD@ECAPAP1LIM24470 MINGW64 /d/capCSharp (master)
$ git config --global user.name "jegutierreza"

GMD@ECAPAP1LIM24470 MINGW64 /d/capCSharp (master)
$ git push origin master
remote: Permission to jegutierreza/capGMDSharp2106.git denied to jamg000.
fatal: unable to access 'https://github.com/jegutierreza/capGMDSharp2106.git/': The requested URL returned error: 403

GMD@ECAPAP1LIM24470 MINGW64 /d/capCSharp (master)
$ git add -A

GMD@ECAPAP1LIM24470 MINGW64 /d/capCSharp (master)
$ git commit -m "Primer COMITEO"
On branch master
nothing to commit, working tree clean

GMD@ECAPAP1LIM24470 MINGW64 /d/capCSharp (master)
$ git add -A

GMD@ECAPAP1LIM24470 MINGW64 /d/capCSharp (master)
$ git config --global user.name "jean"

GMD@ECAPAP1LIM24470 MINGW64 /d/capCSharp (master)
$ git config --global user.email "gutxz27@gmail.com"

GMD@ECAPAP1LIM24470 MINGW64 /d/capCSharp (master)
$ git push -u origin master
remote: Permission to jegutierreza/capGMDSharp2106.git denied to jamg000.
fatal: unable to access 'https://github.com/jegutierreza/capGMDSharp2106.git/': The requested URL returned error: 403

GMD@ECAPAP1LIM24470 MINGW64 /d/capCSharp (master)
$ cd D:

GMD@ECAPAP1LIM24470 MINGW64 /d
$ dir
$RECYCLE.BIN              drm                    JEB                   RUP
ANYCONNECT                EmpDetailsView.java    jhon                  RUP_JYC
app-debug.apk             EmpDetailsViewId.java  JobHistory.java       scheler
ARCHIVOS                  Employees.java         JobHistoryId.java     SharePoint
capCSharp                 entity.rar             Jobs.java             SQL\ Server\ Standar\ 2012\ English
clase                     EXA02-P2P              LABM1C1-01JAXB        SQL_LOG
CLASE\ 16-11-2015         EXA02-TopicRevista     LABM1C3-01BasicWS     System\ Volume\ Information
Clase\ BI                 extension\ chorme.jpg  Locations.java        Team\ viewer
CLASE\ JAVA\ 04           GMD                    MV_AutomatizacionGMD  Thumbs.db
Clase\ Web\ Services2016  hibernate.cfg.xml      nay                   UML
Countries.java            IBM                    Oracle\ BPM\ Suite    Visual\ Studio\ 2015
Departments.java          Imagen                 PROYECTO              vm
DEVOPS_Ultimo             INSTALADORES           Regions.java          VM\ y\ labs

GMD@ECAPAP1LIM24470 MINGW64 /d
$ cd capCSharp

GMD@ECAPAP1LIM24470 MINGW64 /d/capCSharp (master)
$ dir
App1Con

GMD@ECAPAP1LIM24470 MINGW64 /d/capCSharp (master)
$ cd App1Con

GMD@ECAPAP1LIM24470 MINGW64 /d/capCSharp/App1Con (master)
$ dir
App1Con  App1Con.sln

GMD@ECAPAP1LIM24470 MINGW64 /d/capCSharp/App1Con (master)
$ git init
Initialized empty Git repository in D:/capCSharp/App1Con/.git/

GMD@ECAPAP1LIM24470 MINGW64 /d/capCSharp/App1Con (master)
$ git status
On branch master

Initial commit

Untracked files:
  (use "git add <file>..." to include in what will be committed)

        .vs/
        App1Con.sln
        App1Con/

nothing added to commit but untracked files present (use "git add" to track)

GMD@ECAPAP1LIM24470 MINGW64 /d/capCSharp/App1Con (master)
$ git add -A

GMD@ECAPAP1LIM24470 MINGW64 /d/capCSharp/App1Con (master)
$ git commit -m "Primer COMITEO"
[master (root-commit) 48d55c8] Primer COMITEO
 15 files changed, 163 insertions(+)
 create mode 100644 .vs/App1Con/v14/.suo
 create mode 100644 App1Con.sln
 create mode 100644 App1Con/App.config
 create mode 100644 App1Con/App1Con.csproj
 create mode 100644 App1Con/Program.cs
 create mode 100644 App1Con/Properties/AssemblyInfo.cs
 create mode 100644 App1Con/bin/Debug/App1Con.exe.config
 create mode 100644 App1Con/bin/Debug/App1Con.vshost.exe
 create mode 100644 App1Con/bin/Debug/App1Con.vshost.exe.config
 create mode 100644 App1Con/bin/Debug/App1Con.vshost.exe.manifest
 create mode 100644 App1Con/obj/Debug/App1Con.csproj.FileListAbsolute.txt
 create mode 100644 App1Con/obj/Debug/DesignTimeResolveAssemblyReferencesInput.cache
 create mode 100644 App1Con/obj/Debug/TemporaryGeneratedFile_036C0B5B-1481-4323-8D20-8F5ADCB23D92.cs
 create mode 100644 App1Con/obj/Debug/TemporaryGeneratedFile_5937a670-0e60-4077-877b-f7221da3dda1.cs
 create mode 100644 App1Con/obj/Debug/TemporaryGeneratedFile_E7A71F73-0F8D-4B9B-B56E-8E70B10BC5D3.cs

GMD@ECAPAP1LIM24470 MINGW64 /d/capCSharp/App1Con (master)
$ git remote add origin https://github.com/jegutierreza/capNet.git

GMD@ECAPAP1LIM24470 MINGW64 /d/capCSharp/App1Con (master)
$ git push -u origin master
remote: Permission to jegutierreza/capNet.git denied to jamg000.
fatal: unable to access 'https://github.com/jegutierreza/capNet.git/': The requested URL returned error: 403

GMD@ECAPAP1LIM24470 MINGW64 /d/capCSharp/App1Con (master)
$ git push -u origin master
Logon failed, use ctrl+c to cancel basic credential prompt.
Username for 'https://github.com/': jegutierreza
Counting objects: 22, done.
Delta compression using up to 4 threads.
Compressing objects: 100% (15/15), done.
Writing objects: 100% (22/22), 20.00 KiB | 0 bytes/s, done.
Total 22 (delta 0), reused 0 (delta 0)
To https://github.com/jegutierreza/capNet.git
 * [new branch]      master -> master
Branch master set up to track remote branch master from origin.

GMD@ECAPAP1LIM24470 MINGW64 /d/capCSharp/App1Con (master)
$ git add -A

GMD@ECAPAP1LIM24470 MINGW64 /d/capCSharp/App1Con (master)
$ git commit -m "Segundo comiteo"
[master bb07526] Segundo comiteo
 2 files changed, 15 insertions(+)
 create mode 100644 App1Con/Models/Person.cs

GMD@ECAPAP1LIM24470 MINGW64 /d/capCSharp/App1Con (master)
$ git status
On branch master
Your branch is ahead of 'origin/master' by 1 commit.
  (use "git push" to publish your local commits)
nothing to commit, working tree clean

GMD@ECAPAP1LIM24470 MINGW64 /d/capCSharp/App1Con (master)
$ git status
On branch master
Your branch is ahead of 'origin/master' by 1 commit.
  (use "git push" to publish your local commits)
nothing to commit, working tree clean

GMD@ECAPAP1LIM24470 MINGW64 /d/capCSharp/App1Con (master)
$ git push origin master
Counting objects: 6, done.
Delta compression using up to 4 threads.
Compressing objects: 100% (5/5), done.
Writing objects: 100% (6/6), 636 bytes | 0 bytes/s, done.
Total 6 (delta 3), reused 0 (delta 0)
remote: Resolving deltas: 100% (3/3), completed with 3 local objects.
To https://github.com/jegutierreza/capNet.git
   48d55c8..bb07526  master -> master

GMD@ECAPAP1LIM24470 MINGW64 /d/capCSharp/App1Con (master)
$ git status
On branch master
Your branch is up-to-date with 'origin/master'.
nothing to commit, working tree clean

GMD@ECAPAP1LIM24470 MINGW64 /d/capCSharp/App1Con (master)
$ git status
On branch master
Your branch is up-to-date with 'origin/master'.
nothing to commit, working tree clean

GMD@ECAPAP1LIM24470 MINGW64 /d/capCSharp/App1Con (master)
$ git status
On branch master
Your branch is up-to-date with 'origin/master'.
Changes not staged for commit:
  (use "git add <file>..." to update what will be committed)
  (use "git checkout -- <file>..." to discard changes in working directory)

        modified:   App1Con/Models/Person.cs

no changes added to commit (use "git add" and/or "git commit -a")

GMD@ECAPAP1LIM24470 MINGW64 /d/capCSharp/App1Con (master)
$ git add -A

GMD@ECAPAP1LIM24470 MINGW64 /d/capCSharp/App1Con (master)
$ git commit -m "tercer comiteo"
[master a94fa9a] tercer comiteo
 1 file changed, 1 insertion(+), 1 deletion(-)

GMD@ECAPAP1LIM24470 MINGW64 /d/capCSharp/App1Con (master)
$ git push origin master
Counting objects: 5, done.
Delta compression using up to 4 threads.
Compressing objects: 100% (4/4), done.
Writing objects: 100% (5/5), 389 bytes | 0 bytes/s, done.
Total 5 (delta 3), reused 0 (delta 0)
remote: Resolving deltas: 100% (3/3), completed with 3 local objects.
To https://github.com/jegutierreza/capNet.git
   bb07526..a94fa9a  master -> master

GMD@ECAPAP1LIM24470 MINGW64 /d/capCSharp/App1Con (master)
$ git status
On branch master
Your branch is up-to-date with 'origin/master'.
Changes not staged for commit:
  (use "git add <file>..." to update what will be committed)
  (use "git checkout -- <file>..." to discard changes in working directory)

        modified:   .vs/App1Con/v14/.suo

Untracked files:
  (use "git add <file>..." to include in what will be committed)

        .vs/config/
        LogNeg/
        Unit.BL/
        Unit.DAO/
        WebApp1/
        packages/

no changes added to commit (use "git add" and/or "git commit -a")

GMD@ECAPAP1LIM24470 MINGW64 /d/capCSharp/App1Con (master)
$ git add -A
warning: LF will be replaced by CRLF in WebApp1/Content/bootstrap.css.
The file will have its original line endings in your working directory.
warning: LF will be replaced by CRLF in WebApp1/Content/bootstrap.min.css.
The file will have its original line endings in your working directory.
warning: LF will be replaced by CRLF in WebApp1/Scripts/bootstrap.js.
The file will have its original line endings in your working directory.
warning: LF will be replaced by CRLF in WebApp1/Scripts/bootstrap.min.js.
The file will have its original line endings in your working directory.
warning: LF will be replaced by CRLF in WebApp1/Scripts/jquery-1.10.2.js.
The file will have its original line endings in your working directory.
warning: LF will be replaced by CRLF in WebApp1/Scripts/jquery-1.10.2.min.js.
The file will have its original line endings in your working directory.
warning: LF will be replaced by CRLF in WebApp1/Scripts/jquery.validate.js.
The file will have its original line endings in your working directory.
warning: LF will be replaced by CRLF in WebApp1/Scripts/jquery.validate.min.js.
The file will have its original line endings in your working directory.
warning: LF will be replaced by CRLF in WebApp1/Scripts/jquery.validate.unobtrusive.min.js.
The file will have its original line endings in your working directory.
warning: LF will be replaced by CRLF in WebApp1/Scripts/modernizr-2.6.2.js.
The file will have its original line endings in your working directory.
warning: LF will be replaced by CRLF in WebApp1/Scripts/respond.js.
The file will have its original line endings in your working directory.
warning: LF will be replaced by CRLF in WebApp1/Scripts/respond.min.js.
The file will have its original line endings in your working directory.
warning: LF will be replaced by CRLF in WebApp1/fonts/glyphicons-halflings-regular.svg.
The file will have its original line endings in your working directory.
warning: LF will be replaced by CRLF in packages/Microsoft.jQuery.Unobtrusive.Validation.3.2.3/Content/Scripts/jquery.validate.unobtrusive.min.js.
The file will have its original line endings in your working directory.
warning: LF will be replaced by CRLF in packages/Modernizr.2.6.2/Content/Scripts/modernizr-2.6.2.js.
The file will have its original line endings in your working directory.
warning: LF will be replaced by CRLF in packages/Respond.1.2.0/content/Scripts/respond.js.
The file will have its original line endings in your working directory.
warning: LF will be replaced by CRLF in packages/Respond.1.2.0/content/Scripts/respond.min.js.
The file will have its original line endings in your working directory.
warning: LF will be replaced by CRLF in packages/bootstrap.3.0.0/content/Content/bootstrap.css.
The file will have its original line endings in your working directory.
warning: LF will be replaced by CRLF in packages/bootstrap.3.0.0/content/Content/bootstrap.min.css.
The file will have its original line endings in your working directory.
warning: LF will be replaced by CRLF in packages/bootstrap.3.0.0/content/Scripts/bootstrap.js.
The file will have its original line endings in your working directory.
warning: LF will be replaced by CRLF in packages/bootstrap.3.0.0/content/Scripts/bootstrap.min.js.
The file will have its original line endings in your working directory.
warning: LF will be replaced by CRLF in packages/bootstrap.3.0.0/content/fonts/glyphicons-halflings-regular.svg.
The file will have its original line endings in your working directory.
warning: LF will be replaced by CRLF in packages/jQuery.1.10.2/Content/Scripts/jquery-1.10.2.js.
The file will have its original line endings in your working directory.
warning: LF will be replaced by CRLF in packages/jQuery.1.10.2/Content/Scripts/jquery-1.10.2.min.js.
The file will have its original line endings in your working directory.
warning: LF will be replaced by CRLF in packages/jQuery.Validation.1.11.1/Content/Scripts/jquery.validate.js.
The file will have its original line endings in your working directory.
warning: LF will be replaced by CRLF in packages/jQuery.Validation.1.11.1/Content/Scripts/jquery.validate.min.js.
The file will have its original line endings in your working directory.

GMD@ECAPAP1LIM24470 MINGW64 /d/capCSharp/App1Con (master)
$ git commit -m "capas de MVC"
[master b6f98cf] capas de MVC
 356 files changed, 279093 insertions(+)
 create mode 100644 .vs/config/applicationhost.config
 create mode 100644 LogNeg/Class1.cs
 create mode 100644 LogNeg/LogNeg.csproj
 create mode 100644 LogNeg/Properties/AssemblyInfo.cs
 create mode 100644 LogNeg/obj/Debug/DesignTimeResolveAssemblyReferencesInput.cache
 create mode 100644 LogNeg/obj/Debug/TemporaryGeneratedFile_036C0B5B-1481-4323-8D20-8F5ADCB23D92.cs
 create mode 100644 LogNeg/obj/Debug/TemporaryGeneratedFile_5937a670-0e60-4077-877b-f7221da3dda1.cs
 create mode 100644 LogNeg/obj/Debug/TemporaryGeneratedFile_E7A71F73-0F8D-4B9B-B56E-8E70B10BC5D3.cs
 create mode 100644 Unit.BL/Class1.cs
 create mode 100644 Unit.BL/Properties/AssemblyInfo.cs
 create mode 100644 Unit.BL/Unit.BL.csproj
 create mode 100644 Unit.BL/obj/Debug/DesignTimeResolveAssemblyReferencesInput.cache
 create mode 100644 Unit.BL/obj/Debug/TemporaryGeneratedFile_036C0B5B-1481-4323-8D20-8F5ADCB23D92.cs
 create mode 100644 Unit.BL/obj/Debug/TemporaryGeneratedFile_5937a670-0e60-4077-877b-f7221da3dda1.cs
 create mode 100644 Unit.BL/obj/Debug/TemporaryGeneratedFile_E7A71F73-0F8D-4B9B-B56E-8E70B10BC5D3.cs
 create mode 100644 Unit.DAO/Class1.cs
 create mode 100644 Unit.DAO/Properties/AssemblyInfo.cs
 create mode 100644 Unit.DAO/Unit.DAO.csproj
 create mode 100644 Unit.DAO/obj/Debug/DesignTimeResolveAssemblyReferencesInput.cache
 create mode 100644 Unit.DAO/obj/Debug/TemporaryGeneratedFile_036C0B5B-1481-4323-8D20-8F5ADCB23D92.cs
 create mode 100644 Unit.DAO/obj/Debug/TemporaryGeneratedFile_5937a670-0e60-4077-877b-f7221da3dda1.cs
 create mode 100644 Unit.DAO/obj/Debug/TemporaryGeneratedFile_E7A71F73-0F8D-4B9B-B56E-8E70B10BC5D3.cs
 create mode 100644 WebApp1/App_Start/BundleConfig.cs
 create mode 100644 WebApp1/App_Start/FilterConfig.cs
 create mode 100644 WebApp1/App_Start/IdentityConfig.cs
 create mode 100644 WebApp1/App_Start/RouteConfig.cs
 create mode 100644 WebApp1/App_Start/Startup.Auth.cs
 create mode 100644 WebApp1/ApplicationInsights.config
 create mode 100644 WebApp1/Content/Site.css
 create mode 100644 WebApp1/Content/bootstrap.css
 create mode 100644 WebApp1/Content/bootstrap.min.css
 create mode 100644 WebApp1/Controllers/AccountController.cs
 create mode 100644 WebApp1/Controllers/HomeController.cs
 create mode 100644 WebApp1/Controllers/ManageController.cs
 create mode 100644 WebApp1/Global.asax
 create mode 100644 WebApp1/Global.asax.cs
 create mode 100644 WebApp1/Models/AccountViewModels.cs
 create mode 100644 WebApp1/Models/IdentityModels.cs
 create mode 100644 WebApp1/Models/ManageViewModels.cs
 create mode 100644 WebApp1/Project_Readme.html
 create mode 100644 WebApp1/Properties/AssemblyInfo.cs
 create mode 100644 WebApp1/Scripts/_references.js
 create mode 100644 WebApp1/Scripts/bootstrap.js
 create mode 100644 WebApp1/Scripts/bootstrap.min.js
 create mode 100644 WebApp1/Scripts/jquery-1.10.2.intellisense.js
 create mode 100644 WebApp1/Scripts/jquery-1.10.2.js
 create mode 100644 WebApp1/Scripts/jquery-1.10.2.min.js
 create mode 100644 WebApp1/Scripts/jquery-1.10.2.min.map
 create mode 100644 WebApp1/Scripts/jquery.validate-vsdoc.js
 create mode 100644 WebApp1/Scripts/jquery.validate.js
 create mode 100644 WebApp1/Scripts/jquery.validate.min.js
 create mode 100644 WebApp1/Scripts/jquery.validate.unobtrusive.js
 create mode 100644 WebApp1/Scripts/jquery.validate.unobtrusive.min.js
 create mode 100644 WebApp1/Scripts/modernizr-2.6.2.js
 create mode 100644 WebApp1/Scripts/respond.js
 create mode 100644 WebApp1/Scripts/respond.min.js
 create mode 100644 WebApp1/Startup.cs
 create mode 100644 WebApp1/Views/Account/ConfirmEmail.cshtml
 create mode 100644 WebApp1/Views/Account/ExternalLoginConfirmation.cshtml
 create mode 100644 WebApp1/Views/Account/ExternalLoginFailure.cshtml
 create mode 100644 WebApp1/Views/Account/ForgotPassword.cshtml
 create mode 100644 WebApp1/Views/Account/ForgotPasswordConfirmation.cshtml
 create mode 100644 WebApp1/Views/Account/Login.cshtml
 create mode 100644 WebApp1/Views/Account/Register.cshtml
 create mode 100644 WebApp1/Views/Account/ResetPassword.cshtml
 create mode 100644 WebApp1/Views/Account/ResetPasswordConfirmation.cshtml
 create mode 100644 WebApp1/Views/Account/SendCode.cshtml
 create mode 100644 WebApp1/Views/Account/VerifyCode.cshtml
 create mode 100644 WebApp1/Views/Account/_ExternalLoginsListPartial.cshtml
 create mode 100644 WebApp1/Views/Home/About.cshtml
 create mode 100644 WebApp1/Views/Home/Contact.cshtml
 create mode 100644 WebApp1/Views/Home/Index.cshtml
 create mode 100644 WebApp1/Views/Manage/AddPhoneNumber.cshtml
 create mode 100644 WebApp1/Views/Manage/ChangePassword.cshtml
 create mode 100644 WebApp1/Views/Manage/Index.cshtml
 create mode 100644 WebApp1/Views/Manage/ManageLogins.cshtml
 create mode 100644 WebApp1/Views/Manage/SetPassword.cshtml
 create mode 100644 WebApp1/Views/Manage/VerifyPhoneNumber.cshtml
 create mode 100644 WebApp1/Views/Shared/Error.cshtml
 create mode 100644 WebApp1/Views/Shared/Lockout.cshtml
 create mode 100644 WebApp1/Views/Shared/_Layout.cshtml
 create mode 100644 WebApp1/Views/Shared/_LoginPartial.cshtml
 create mode 100644 WebApp1/Views/Web.config
 create mode 100644 WebApp1/Views/_ViewStart.cshtml
 create mode 100644 WebApp1/Web.Debug.config
 create mode 100644 WebApp1/Web.Release.config
 create mode 100644 WebApp1/Web.config
 create mode 100644 WebApp1/WebApp1.csproj
 create mode 100644 WebApp1/WebApp1.csproj.user
 create mode 100644 WebApp1/bin/Antlr3.Runtime.dll
 create mode 100644 WebApp1/bin/EntityFramework.SqlServer.dll
 create mode 100644 WebApp1/bin/EntityFramework.dll
 create mode 100644 WebApp1/bin/Microsoft.AI.Agent.Intercept.dll
 create mode 100644 WebApp1/bin/Microsoft.AI.DependencyCollector.dll
 create mode 100644 WebApp1/bin/Microsoft.AI.PerfCounterCollector.dll
 create mode 100644 WebApp1/bin/Microsoft.AI.ServerTelemetryChannel.dll
 create mode 100644 WebApp1/bin/Microsoft.AI.Web.dll
 create mode 100644 WebApp1/bin/Microsoft.AI.WindowsServer.dll
 create mode 100644 WebApp1/bin/Microsoft.ApplicationInsights.dll
 create mode 100644 WebApp1/bin/Microsoft.AspNet.Identity.Core.dll
 create mode 100644 WebApp1/bin/Microsoft.AspNet.Identity.EntityFramework.dll
 create mode 100644 WebApp1/bin/Microsoft.AspNet.Identity.Owin.dll
 create mode 100644 WebApp1/bin/Microsoft.CodeDom.Providers.DotNetCompilerPlatform.dll
 create mode 100644 WebApp1/bin/Microsoft.CodeDom.Providers.DotNetCompilerPlatform.xml
 create mode 100644 WebApp1/bin/Microsoft.Owin.Host.SystemWeb.dll
 create mode 100644 WebApp1/bin/Microsoft.Owin.Security.Cookies.dll
 create mode 100644 WebApp1/bin/Microsoft.Owin.Security.Facebook.dll
 create mode 100644 WebApp1/bin/Microsoft.Owin.Security.Google.dll
 create mode 100644 WebApp1/bin/Microsoft.Owin.Security.MicrosoftAccount.dll
 create mode 100644 WebApp1/bin/Microsoft.Owin.Security.OAuth.dll
 create mode 100644 WebApp1/bin/Microsoft.Owin.Security.Twitter.dll
 create mode 100644 WebApp1/bin/Microsoft.Owin.Security.dll
 create mode 100644 WebApp1/bin/Microsoft.Owin.dll
 create mode 100644 WebApp1/bin/Microsoft.Web.Infrastructure.dll
 create mode 100644 WebApp1/bin/Newtonsoft.Json.dll
 create mode 100644 WebApp1/bin/Owin.dll
 create mode 100644 WebApp1/bin/System.Web.Helpers.dll
 create mode 100644 WebApp1/bin/System.Web.Mvc.dll
 create mode 100644 WebApp1/bin/System.Web.Optimization.dll
 create mode 100644 WebApp1/bin/System.Web.Razor.dll
 create mode 100644 WebApp1/bin/System.Web.WebPages.Deployment.dll
 create mode 100644 WebApp1/bin/System.Web.WebPages.Razor.dll
 create mode 100644 WebApp1/bin/System.Web.WebPages.dll
 create mode 100644 WebApp1/bin/WebGrease.dll
 create mode 100644 WebApp1/favicon.ico
 create mode 100644 WebApp1/fonts/glyphicons-halflings-regular.eot
 create mode 100644 WebApp1/fonts/glyphicons-halflings-regular.svg
 create mode 100644 WebApp1/fonts/glyphicons-halflings-regular.ttf
 create mode 100644 WebApp1/fonts/glyphicons-halflings-regular.woff
 create mode 100644 WebApp1/obj/Debug/DesignTimeResolveAssemblyReferencesInput.cache
 create mode 100644 WebApp1/obj/Debug/TemporaryGeneratedFile_036C0B5B-1481-4323-8D20-8F5ADCB23D92.cs
 create mode 100644 WebApp1/obj/Debug/TemporaryGeneratedFile_5937a670-0e60-4077-877b-f7221da3dda1.cs
 create mode 100644 WebApp1/obj/Debug/TemporaryGeneratedFile_E7A71F73-0F8D-4B9B-B56E-8E70B10BC5D3.cs
 create mode 100644 WebApp1/obj/Debug/build.force
 create mode 100644 WebApp1/packages.config
 create mode 100644 packages/Antlr.3.4.1.9004/Antlr.3.4.1.9004.nupkg
 create mode 100644 packages/Antlr.3.4.1.9004/lib/Antlr3.Runtime.dll
 create mode 100644 packages/Antlr.3.4.1.9004/lib/Antlr3.Runtime.pdb
 create mode 100644 packages/EntityFramework.6.1.3/EntityFramework.6.1.3.nupkg
 create mode 100644 packages/EntityFramework.6.1.3/content/App.config.transform
 create mode 100644 packages/EntityFramework.6.1.3/content/Web.config.transform
 create mode 100644 packages/EntityFramework.6.1.3/lib/net40/EntityFramework.SqlServer.dll
 create mode 100644 packages/EntityFramework.6.1.3/lib/net40/EntityFramework.SqlServer.xml
 create mode 100644 packages/EntityFramework.6.1.3/lib/net40/EntityFramework.dll
 create mode 100644 packages/EntityFramework.6.1.3/lib/net40/EntityFramework.xml
 create mode 100644 packages/EntityFramework.6.1.3/lib/net45/EntityFramework.SqlServer.dll
 create mode 100644 packages/EntityFramework.6.1.3/lib/net45/EntityFramework.SqlServer.xml
 create mode 100644 packages/EntityFramework.6.1.3/lib/net45/EntityFramework.dll
 create mode 100644 packages/EntityFramework.6.1.3/lib/net45/EntityFramework.xml
 create mode 100644 packages/EntityFramework.6.1.3/tools/EntityFramework.PowerShell.Utility.dll
 create mode 100644 packages/EntityFramework.6.1.3/tools/EntityFramework.PowerShell.dll
 create mode 100644 packages/EntityFramework.6.1.3/tools/EntityFramework.psd1
 create mode 100644 packages/EntityFramework.6.1.3/tools/EntityFramework.psm1
 create mode 100644 packages/EntityFramework.6.1.3/tools/about_EntityFramework.help.txt
 create mode 100644 packages/EntityFramework.6.1.3/tools/init.ps1
 create mode 100644 packages/EntityFramework.6.1.3/tools/install.ps1
 create mode 100644 packages/EntityFramework.6.1.3/tools/migrate.exe
 create mode 100644 packages/Microsoft.ApplicationInsights.2.2.0/Microsoft.ApplicationInsights.2.2.0.nupkg
 create mode 100644 packages/Microsoft.ApplicationInsights.2.2.0/lib/net40/Microsoft.ApplicationInsights.XML
 create mode 100644 packages/Microsoft.ApplicationInsights.2.2.0/lib/net40/Microsoft.ApplicationInsights.dll
 create mode 100644 packages/Microsoft.ApplicationInsights.2.2.0/lib/net45/Microsoft.ApplicationInsights.XML
 create mode 100644 packages/Microsoft.ApplicationInsights.2.2.0/lib/net45/Microsoft.ApplicationInsights.dll
 create mode 100644 packages/Microsoft.ApplicationInsights.2.2.0/lib/net46/Microsoft.ApplicationInsights.XML
 create mode 100644 packages/Microsoft.ApplicationInsights.2.2.0/lib/net46/Microsoft.ApplicationInsights.dll
 create mode 100644 packages/Microsoft.ApplicationInsights.2.2.0/lib/netstandard1.5/Microsoft.ApplicationInsights.XML
 create mode 100644 packages/Microsoft.ApplicationInsights.2.2.0/lib/netstandard1.5/Microsoft.ApplicationInsights.dll
 create mode 100644 packages/Microsoft.ApplicationInsights.2.2.0/lib/portable-win81+wpa81/Microsoft.ApplicationInsights.dll
 create mode 100644 packages/Microsoft.ApplicationInsights.2.2.0/lib/uap10.0/Microsoft.ApplicationInsights.dll
 create mode 100644 packages/Microsoft.ApplicationInsights.2.2.0/lib/wp8/Microsoft.ApplicationInsights.dll
 create mode 100644 packages/Microsoft.ApplicationInsights.Agent.Intercept.2.0.6/Microsoft.ApplicationInsights.Agent.Intercept.2.0.6.nupkg
 create mode 100644 packages/Microsoft.ApplicationInsights.Agent.Intercept.2.0.6/lib/net40/Microsoft.AI.Agent.Intercept.dll
 create mode 100644 packages/Microsoft.ApplicationInsights.Agent.Intercept.2.0.6/lib/net45/Microsoft.AI.Agent.Intercept.dll
 create mode 100644 packages/Microsoft.ApplicationInsights.DependencyCollector.2.2.0/Microsoft.ApplicationInsights.DependencyCollector.2.2.0.nupkg
 create mode 100644 packages/Microsoft.ApplicationInsights.DependencyCollector.2.2.0/content/ApplicationInsights.config.install.xdt
 create mode 100644 packages/Microsoft.ApplicationInsights.DependencyCollector.2.2.0/content/ApplicationInsights.config.transform
 create mode 100644 packages/Microsoft.ApplicationInsights.DependencyCollector.2.2.0/content/ApplicationInsights.config.uninstall.xdt
 create mode 100644 packages/Microsoft.ApplicationInsights.DependencyCollector.2.2.0/lib/net40/Microsoft.AI.DependencyCollector.XML
 create mode 100644 packages/Microsoft.ApplicationInsights.DependencyCollector.2.2.0/lib/net40/Microsoft.AI.DependencyCollector.dll
 create mode 100644 packages/Microsoft.ApplicationInsights.DependencyCollector.2.2.0/lib/net45/Microsoft.AI.DependencyCollector.XML
 create mode 100644 packages/Microsoft.ApplicationInsights.DependencyCollector.2.2.0/lib/net45/Microsoft.AI.DependencyCollector.dll
 create mode 100644 packages/Microsoft.ApplicationInsights.PerfCounterCollector.2.2.0/Microsoft.ApplicationInsights.PerfCounterCollector.2.2.0.nupkg
 create mode 100644 packages/Microsoft.ApplicationInsights.PerfCounterCollector.2.2.0/content/ApplicationInsights.config.install.xdt
 create mode 100644 packages/Microsoft.ApplicationInsights.PerfCounterCollector.2.2.0/content/ApplicationInsights.config.transform
 create mode 100644 packages/Microsoft.ApplicationInsights.PerfCounterCollector.2.2.0/content/ApplicationInsights.config.uninstall.xdt
 create mode 100644 packages/Microsoft.ApplicationInsights.PerfCounterCollector.2.2.0/lib/net40/Microsoft.AI.PerfCounterCollector.dll
 create mode 100644 packages/Microsoft.ApplicationInsights.PerfCounterCollector.2.2.0/lib/net45/Microsoft.AI.PerfCounterCollector.dll
 create mode 100644 packages/Microsoft.ApplicationInsights.Web.2.2.0/Microsoft.ApplicationInsights.Web.2.2.0.nupkg
 create mode 100644 packages/Microsoft.ApplicationInsights.Web.2.2.0/content/net40/ApplicationInsights.config.install.xdt
 create mode 100644 packages/Microsoft.ApplicationInsights.Web.2.2.0/content/net40/ApplicationInsights.config.transform
 create mode 100644 packages/Microsoft.ApplicationInsights.Web.2.2.0/content/net40/ApplicationInsights.config.uninstall.xdt
 create mode 100644 packages/Microsoft.ApplicationInsights.Web.2.2.0/content/net40/web.config.install.xdt
 create mode 100644 packages/Microsoft.ApplicationInsights.Web.2.2.0/content/net40/web.config.uninstall.xdt
 create mode 100644 packages/Microsoft.ApplicationInsights.Web.2.2.0/content/net45/ApplicationInsights.config.install.xdt
 create mode 100644 packages/Microsoft.ApplicationInsights.Web.2.2.0/content/net45/ApplicationInsights.config.transform
 create mode 100644 packages/Microsoft.ApplicationInsights.Web.2.2.0/content/net45/ApplicationInsights.config.uninstall.xdt
 create mode 100644 packages/Microsoft.ApplicationInsights.Web.2.2.0/content/net45/web.config.install.xdt
 create mode 100644 packages/Microsoft.ApplicationInsights.Web.2.2.0/content/net45/web.config.uninstall.xdt
 create mode 100644 packages/Microsoft.ApplicationInsights.Web.2.2.0/lib/net40/Microsoft.AI.Web.XML
 create mode 100644 packages/Microsoft.ApplicationInsights.Web.2.2.0/lib/net40/Microsoft.AI.Web.dll
 create mode 100644 packages/Microsoft.ApplicationInsights.Web.2.2.0/lib/net45/Microsoft.AI.Web.XML
 create mode 100644 packages/Microsoft.ApplicationInsights.Web.2.2.0/lib/net45/Microsoft.AI.Web.dll
 create mode 100644 packages/Microsoft.ApplicationInsights.WindowsServer.2.2.0/Microsoft.ApplicationInsights.WindowsServer.2.2.0.nupkg
 create mode 100644 packages/Microsoft.ApplicationInsights.WindowsServer.2.2.0/Tools/install.ps1
 create mode 100644 packages/Microsoft.ApplicationInsights.WindowsServer.2.2.0/content/ApplicationInsights.config.install.xdt
 create mode 100644 packages/Microsoft.ApplicationInsights.WindowsServer.2.2.0/content/ApplicationInsights.config.transform
 create mode 100644 packages/Microsoft.ApplicationInsights.WindowsServer.2.2.0/content/ApplicationInsights.config.uninstall.xdt
 create mode 100644 packages/Microsoft.ApplicationInsights.WindowsServer.2.2.0/lib/net40/Microsoft.AI.WindowsServer.XML
 create mode 100644 packages/Microsoft.ApplicationInsights.WindowsServer.2.2.0/lib/net40/Microsoft.AI.WindowsServer.dll
 create mode 100644 packages/Microsoft.ApplicationInsights.WindowsServer.2.2.0/lib/net45/Microsoft.AI.WindowsServer.XML
 create mode 100644 packages/Microsoft.ApplicationInsights.WindowsServer.2.2.0/lib/net45/Microsoft.AI.WindowsServer.dll
 create mode 100644 packages/Microsoft.ApplicationInsights.WindowsServer.TelemetryChannel.2.2.0/Microsoft.ApplicationInsights.WindowsServer.TelemetryChannel.2.2.0.nupkg
 create mode 100644 packages/Microsoft.ApplicationInsights.WindowsServer.TelemetryChannel.2.2.0/content/ApplicationInsights.config.install.xdt
 create mode 100644 packages/Microsoft.ApplicationInsights.WindowsServer.TelemetryChannel.2.2.0/content/ApplicationInsights.config.transform
 create mode 100644 packages/Microsoft.ApplicationInsights.WindowsServer.TelemetryChannel.2.2.0/content/ApplicationInsights.config.uninstall.xdt
 create mode 100644 packages/Microsoft.ApplicationInsights.WindowsServer.TelemetryChannel.2.2.0/lib/net40/Microsoft.AI.ServerTelemetryChannel.XML
 create mode 100644 packages/Microsoft.ApplicationInsights.WindowsServer.TelemetryChannel.2.2.0/lib/net40/Microsoft.AI.ServerTelemetryChannel.dll
 create mode 100644 packages/Microsoft.ApplicationInsights.WindowsServer.TelemetryChannel.2.2.0/lib/net45/Microsoft.AI.ServerTelemetryChannel.XML
 create mode 100644 packages/Microsoft.ApplicationInsights.WindowsServer.TelemetryChannel.2.2.0/lib/net45/Microsoft.AI.ServerTelemetryChannel.dll
 create mode 100644 packages/Microsoft.AspNet.Identity.Core.2.2.1/Microsoft.AspNet.Identity.Core.2.2.1.nupkg
 create mode 100644 packages/Microsoft.AspNet.Identity.Core.2.2.1/lib/net45/Microsoft.AspNet.Identity.Core.dll
 create mode 100644 packages/Microsoft.AspNet.Identity.Core.2.2.1/lib/net45/Microsoft.AspNet.Identity.Core.xml
 create mode 100644 packages/Microsoft.AspNet.Identity.EntityFramework.2.2.1/Microsoft.AspNet.Identity.EntityFramework.2.2.1.nupkg
 create mode 100644 packages/Microsoft.AspNet.Identity.EntityFramework.2.2.1/lib/net45/Microsoft.AspNet.Identity.EntityFramework.dll
 create mode 100644 packages/Microsoft.AspNet.Identity.EntityFramework.2.2.1/lib/net45/Microsoft.AspNet.Identity.EntityFramework.xml
 create mode 100644 packages/Microsoft.AspNet.Identity.Owin.2.2.1/Microsoft.AspNet.Identity.Owin.2.2.1.nupkg
 create mode 100644 packages/Microsoft.AspNet.Identity.Owin.2.2.1/lib/net45/Microsoft.AspNet.Identity.Owin.dll
 create mode 100644 packages/Microsoft.AspNet.Identity.Owin.2.2.1/lib/net45/Microsoft.AspNet.Identity.Owin.xml
 create mode 100644 packages/Microsoft.AspNet.Mvc.5.2.3/Content/Web.config.install.xdt
 create mode 100644 packages/Microsoft.AspNet.Mvc.5.2.3/Content/Web.config.uninstall.xdt
 create mode 100644 packages/Microsoft.AspNet.Mvc.5.2.3/Microsoft.AspNet.Mvc.5.2.3.nupkg
 create mode 100644 packages/Microsoft.AspNet.Mvc.5.2.3/lib/net45/System.Web.Mvc.dll
 create mode 100644 packages/Microsoft.AspNet.Mvc.5.2.3/lib/net45/System.Web.Mvc.xml
 create mode 100644 packages/Microsoft.AspNet.Razor.3.2.3/Microsoft.AspNet.Razor.3.2.3.nupkg
 create mode 100644 packages/Microsoft.AspNet.Razor.3.2.3/lib/net45/System.Web.Razor.dll
 create mode 100644 packages/Microsoft.AspNet.Razor.3.2.3/lib/net45/System.Web.Razor.xml
 create mode 100644 packages/Microsoft.AspNet.Web.Optimization.1.1.3/Microsoft.AspNet.Web.Optimization.1.1.3.nupkg
 create mode 100644 packages/Microsoft.AspNet.Web.Optimization.1.1.3/lib/net40/System.Web.Optimization.dll
 create mode 100644 packages/Microsoft.AspNet.Web.Optimization.1.1.3/lib/net40/system.web.optimization.xml
 create mode 100644 packages/Microsoft.AspNet.WebPages.3.2.3/Content/Web.config.install.xdt
 create mode 100644 packages/Microsoft.AspNet.WebPages.3.2.3/Content/Web.config.uninstall.xdt
 create mode 100644 packages/Microsoft.AspNet.WebPages.3.2.3/Microsoft.AspNet.WebPages.3.2.3.nupkg
 create mode 100644 packages/Microsoft.AspNet.WebPages.3.2.3/lib/net45/System.Web.Helpers.dll
 create mode 100644 packages/Microsoft.AspNet.WebPages.3.2.3/lib/net45/System.Web.Helpers.xml
 create mode 100644 packages/Microsoft.AspNet.WebPages.3.2.3/lib/net45/System.Web.WebPages.Deployment.dll
 create mode 100644 packages/Microsoft.AspNet.WebPages.3.2.3/lib/net45/System.Web.WebPages.Deployment.xml
 create mode 100644 packages/Microsoft.AspNet.WebPages.3.2.3/lib/net45/System.Web.WebPages.Razor.dll
 create mode 100644 packages/Microsoft.AspNet.WebPages.3.2.3/lib/net45/System.Web.WebPages.Razor.xml
 create mode 100644 packages/Microsoft.AspNet.WebPages.3.2.3/lib/net45/System.Web.WebPages.dll
 create mode 100644 packages/Microsoft.AspNet.WebPages.3.2.3/lib/net45/System.Web.WebPages.xml
 create mode 100644 packages/Microsoft.CodeDom.Providers.DotNetCompilerPlatform.1.0.0/Microsoft.CodeDom.Providers.DotNetCompilerPlatform.1.0.0.nupkg
 create mode 100644 packages/Microsoft.CodeDom.Providers.DotNetCompilerPlatform.1.0.0/build/Microsoft.CodeDom.Providers.DotNetCompilerPlatform.props
 create mode 100644 packages/Microsoft.CodeDom.Providers.DotNetCompilerPlatform.1.0.0/content/web.config.install.xdt
 create mode 100644 packages/Microsoft.CodeDom.Providers.DotNetCompilerPlatform.1.0.0/content/web.config.uninstall.xdt
 create mode 100644 packages/Microsoft.CodeDom.Providers.DotNetCompilerPlatform.1.0.0/lib/net45/Microsoft.CodeDom.Providers.DotNetCompilerPlatform.dll
 create mode 100644 packages/Microsoft.CodeDom.Providers.DotNetCompilerPlatform.1.0.0/lib/net45/Microsoft.CodeDom.Providers.DotNetCompilerPlatform.xml
 create mode 100644 packages/Microsoft.CodeDom.Providers.DotNetCompilerPlatform.1.0.0/tools/init.ps1
 create mode 100644 packages/Microsoft.CodeDom.Providers.DotNetCompilerPlatform.1.0.0/tools/uninstall.ps1
 create mode 100644 packages/Microsoft.Net.Compilers.1.0.0/Microsoft.Net.Compilers.1.0.0.nupkg
 create mode 100644 packages/Microsoft.Net.Compilers.1.0.0/ThirdPartyNotices.rtf
 create mode 100644 packages/Microsoft.Net.Compilers.1.0.0/build/Microsoft.Net.Compilers.props
 create mode 100644 packages/Microsoft.Net.Compilers.1.0.0/tools/Microsoft.Build.Tasks.CodeAnalysis.dll
 create mode 100644 packages/Microsoft.Net.Compilers.1.0.0/tools/Microsoft.CSharp.Core.targets
 create mode 100644 packages/Microsoft.Net.Compilers.1.0.0/tools/Microsoft.CodeAnalysis.CSharp.dll
 create mode 100644 packages/Microsoft.Net.Compilers.1.0.0/tools/Microsoft.CodeAnalysis.VisualBasic.dll
 create mode 100644 packages/Microsoft.Net.Compilers.1.0.0/tools/Microsoft.CodeAnalysis.dll
 create mode 100644 packages/Microsoft.Net.Compilers.1.0.0/tools/Microsoft.VisualBasic.Core.targets
 create mode 100644 packages/Microsoft.Net.Compilers.1.0.0/tools/System.Collections.Immutable.dll
 create mode 100644 packages/Microsoft.Net.Compilers.1.0.0/tools/System.Reflection.Metadata.dll
 create mode 100644 packages/Microsoft.Net.Compilers.1.0.0/tools/VBCSCompiler.exe
 create mode 100644 packages/Microsoft.Net.Compilers.1.0.0/tools/VBCSCompiler.exe.config
 create mode 100644 packages/Microsoft.Net.Compilers.1.0.0/tools/csc.exe
 create mode 100644 packages/Microsoft.Net.Compilers.1.0.0/tools/vbc.exe
 create mode 100644 packages/Microsoft.Owin.3.0.1/Microsoft.Owin.3.0.1.nupkg
 create mode 100644 packages/Microsoft.Owin.3.0.1/lib/net45/Microsoft.Owin.XML
 create mode 100644 packages/Microsoft.Owin.3.0.1/lib/net45/Microsoft.Owin.dll
 create mode 100644 packages/Microsoft.Owin.Host.SystemWeb.3.0.1/Microsoft.Owin.Host.SystemWeb.3.0.1.nupkg
 create mode 100644 packages/Microsoft.Owin.Host.SystemWeb.3.0.1/lib/net45/Microsoft.Owin.Host.SystemWeb.dll
 create mode 100644 packages/Microsoft.Owin.Host.SystemWeb.3.0.1/lib/net45/Microsoft.Owin.Host.SystemWeb.xml
 create mode 100644 packages/Microsoft.Owin.Security.3.0.1/Microsoft.Owin.Security.3.0.1.nupkg
 create mode 100644 packages/Microsoft.Owin.Security.3.0.1/lib/net45/Microsoft.Owin.Security.XML
 create mode 100644 packages/Microsoft.Owin.Security.3.0.1/lib/net45/Microsoft.Owin.Security.dll
 create mode 100644 packages/Microsoft.Owin.Security.Cookies.3.0.1/Microsoft.Owin.Security.Cookies.3.0.1.nupkg
 create mode 100644 packages/Microsoft.Owin.Security.Cookies.3.0.1/lib/net45/Microsoft.Owin.Security.Cookies.dll
 create mode 100644 packages/Microsoft.Owin.Security.Cookies.3.0.1/lib/net45/Microsoft.Owin.Security.Cookies.xml
 create mode 100644 packages/Microsoft.Owin.Security.Facebook.3.0.1/Microsoft.Owin.Security.Facebook.3.0.1.nupkg
 create mode 100644 packages/Microsoft.Owin.Security.Facebook.3.0.1/lib/net45/Microsoft.Owin.Security.Facebook.XML
 create mode 100644 packages/Microsoft.Owin.Security.Facebook.3.0.1/lib/net45/Microsoft.Owin.Security.Facebook.dll
 create mode 100644 packages/Microsoft.Owin.Security.Google.3.0.1/Microsoft.Owin.Security.Google.3.0.1.nupkg
 create mode 100644 packages/Microsoft.Owin.Security.Google.3.0.1/lib/net45/Microsoft.Owin.Security.Google.XML
 create mode 100644 packages/Microsoft.Owin.Security.Google.3.0.1/lib/net45/Microsoft.Owin.Security.Google.dll
 create mode 100644 packages/Microsoft.Owin.Security.MicrosoftAccount.3.0.1/Microsoft.Owin.Security.MicrosoftAccount.3.0.1.nupkg
 create mode 100644 packages/Microsoft.Owin.Security.MicrosoftAccount.3.0.1/lib/net45/Microsoft.Owin.Security.MicrosoftAccount.XML
 create mode 100644 packages/Microsoft.Owin.Security.MicrosoftAccount.3.0.1/lib/net45/Microsoft.Owin.Security.MicrosoftAccount.dll
 create mode 100644 packages/Microsoft.Owin.Security.OAuth.3.0.1/Microsoft.Owin.Security.OAuth.3.0.1.nupkg
 create mode 100644 packages/Microsoft.Owin.Security.OAuth.3.0.1/lib/net45/Microsoft.Owin.Security.OAuth.XML
 create mode 100644 packages/Microsoft.Owin.Security.OAuth.3.0.1/lib/net45/Microsoft.Owin.Security.OAuth.dll
 create mode 100644 packages/Microsoft.Owin.Security.Twitter.3.0.1/Microsoft.Owin.Security.Twitter.3.0.1.nupkg
 create mode 100644 packages/Microsoft.Owin.Security.Twitter.3.0.1/lib/net45/Microsoft.Owin.Security.Twitter.XML
 create mode 100644 packages/Microsoft.Owin.Security.Twitter.3.0.1/lib/net45/Microsoft.Owin.Security.Twitter.dll
 create mode 100644 packages/Microsoft.Web.Infrastructure.1.0.0.0/Microsoft.Web.Infrastructure.1.0.0.0.nupkg
 create mode 100644 packages/Microsoft.Web.Infrastructure.1.0.0.0/lib/net40/Microsoft.Web.Infrastructure.dll
 create mode 100644 packages/Microsoft.jQuery.Unobtrusive.Validation.3.2.3/Content/Scripts/jquery.validate.unobtrusive.js
 create mode 100644 packages/Microsoft.jQuery.Unobtrusive.Validation.3.2.3/Content/Scripts/jquery.validate.unobtrusive.min.js
 create mode 100644 packages/Microsoft.jQuery.Unobtrusive.Validation.3.2.3/Microsoft.jQuery.Unobtrusive.Validation.3.2.3.nupkg
 create mode 100644 packages/Modernizr.2.6.2/Content/Scripts/modernizr-2.6.2.js
 create mode 100644 packages/Modernizr.2.6.2/Modernizr.2.6.2.nupkg
 create mode 100644 packages/Modernizr.2.6.2/Tools/common.ps1
 create mode 100644 packages/Modernizr.2.6.2/Tools/install.ps1
 create mode 100644 packages/Modernizr.2.6.2/Tools/uninstall.ps1
 create mode 100644 packages/Newtonsoft.Json.6.0.4/Newtonsoft.Json.6.0.4.nupkg
 create mode 100644 packages/Newtonsoft.Json.6.0.4/lib/net20/Newtonsoft.Json.dll
 create mode 100644 packages/Newtonsoft.Json.6.0.4/lib/net20/Newtonsoft.Json.xml
 create mode 100644 packages/Newtonsoft.Json.6.0.4/lib/net35/Newtonsoft.Json.dll
 create mode 100644 packages/Newtonsoft.Json.6.0.4/lib/net35/Newtonsoft.Json.xml
 create mode 100644 packages/Newtonsoft.Json.6.0.4/lib/net40/Newtonsoft.Json.dll
 create mode 100644 packages/Newtonsoft.Json.6.0.4/lib/net40/Newtonsoft.Json.xml
 create mode 100644 packages/Newtonsoft.Json.6.0.4/lib/net45/Newtonsoft.Json.dll
 create mode 100644 packages/Newtonsoft.Json.6.0.4/lib/net45/Newtonsoft.Json.xml
 create mode 100644 packages/Newtonsoft.Json.6.0.4/lib/netcore45/Newtonsoft.Json.dll
 create mode 100644 packages/Newtonsoft.Json.6.0.4/lib/netcore45/Newtonsoft.Json.xml
 create mode 100644 packages/Newtonsoft.Json.6.0.4/lib/portable-net40%2Bsl5%2Bwp80%2Bwin8%2Bwpa81/Newtonsoft.Json.dll
 create mode 100644 packages/Newtonsoft.Json.6.0.4/lib/portable-net40%2Bsl5%2Bwp80%2Bwin8%2Bwpa81/Newtonsoft.Json.xml
 create mode 100644 packages/Newtonsoft.Json.6.0.4/lib/portable-net45%2Bwp80%2Bwin8%2Bwpa81/Newtonsoft.Json.dll
 create mode 100644 packages/Newtonsoft.Json.6.0.4/lib/portable-net45%2Bwp80%2Bwin8%2Bwpa81/Newtonsoft.Json.xml
 create mode 100644 packages/Newtonsoft.Json.6.0.4/tools/install.ps1
 create mode 100644 packages/Owin.1.0/Owin.1.0.nupkg
 create mode 100644 packages/Owin.1.0/lib/net40/Owin.dll
 create mode 100644 packages/Respond.1.2.0/Respond.1.2.0.nupkg
 create mode 100644 packages/Respond.1.2.0/content/Scripts/respond.js
 create mode 100644 packages/Respond.1.2.0/content/Scripts/respond.min.js
 create mode 100644 packages/WebGrease.1.5.2/WebGrease.1.5.2.nupkg
 create mode 100644 packages/WebGrease.1.5.2/lib/WebGrease.dll
 create mode 100644 packages/WebGrease.1.5.2/tools/WG.exe
 create mode 100644 packages/bootstrap.3.0.0/bootstrap.3.0.0.nupkg
 create mode 100644 packages/bootstrap.3.0.0/content/Content/bootstrap.css
 create mode 100644 packages/bootstrap.3.0.0/content/Content/bootstrap.min.css
 create mode 100644 packages/bootstrap.3.0.0/content/Scripts/bootstrap.js
 create mode 100644 packages/bootstrap.3.0.0/content/Scripts/bootstrap.min.js
 create mode 100644 packages/bootstrap.3.0.0/content/fonts/glyphicons-halflings-regular.eot
 create mode 100644 packages/bootstrap.3.0.0/content/fonts/glyphicons-halflings-regular.svg
 create mode 100644 packages/bootstrap.3.0.0/content/fonts/glyphicons-halflings-regular.ttf
 create mode 100644 packages/bootstrap.3.0.0/content/fonts/glyphicons-halflings-regular.woff
 create mode 100644 packages/jQuery.1.10.2/Content/Scripts/jquery-1.10.2-vsdoc.js
 create mode 100644 packages/jQuery.1.10.2/Content/Scripts/jquery-1.10.2.js
 create mode 100644 packages/jQuery.1.10.2/Content/Scripts/jquery-1.10.2.min.js
 create mode 100644 packages/jQuery.1.10.2/Content/Scripts/jquery-1.10.2.min.map
 create mode 100644 packages/jQuery.1.10.2/Tools/common.ps1
 create mode 100644 packages/jQuery.1.10.2/Tools/install.ps1
 create mode 100644 packages/jQuery.1.10.2/Tools/jquery-1.10.2.intellisense.js
 create mode 100644 packages/jQuery.1.10.2/Tools/uninstall.ps1
 create mode 100644 packages/jQuery.1.10.2/jQuery.1.10.2.nupkg
 create mode 100644 packages/jQuery.Validation.1.11.1/Content/Scripts/jquery.validate-vsdoc.js
 create mode 100644 packages/jQuery.Validation.1.11.1/Content/Scripts/jquery.validate.js
 create mode 100644 packages/jQuery.Validation.1.11.1/Content/Scripts/jquery.validate.min.js
 create mode 100644 packages/jQuery.Validation.1.11.1/jQuery.Validation.1.11.1.nupkg

GMD@ECAPAP1LIM24470 MINGW64 /d/capCSharp/App1Con (master)
$ git push origin master
Counting objects: 457, done.
Delta compression using up to 4 threads.
Compressing objects: 100% (417/417), done.
Writing objects: 100% (457/457), 26.83 MiB | 595.00 KiB/s, done.
Total 457 (delta 77), reused 0 (delta 0)
remote: Resolving deltas: 100% (77/77), completed with 1 local object.
To https://github.com/jegutierreza/capNet.git
   a94fa9a..b6f98cf  master -> master

GMD@ECAPAP1LIM24470 MINGW64 /d/capCSharp/App1Con (master)
$




--------------

260617

Enable-Migrations -EnableAutomaticMigrations
Update-Database

